  Determining projects to restore...
D:\API_APP_HR\src\ItoApp.Api\ItoApp.Api.csproj : warning NU1603: ItoApp.Infrastructure depends on Vonage (>= 6.0.0) but Vonage 6.0.0 was not found. Vonage 6.0.3 was resolved instead.
D:\API_APP_HR\src\ItoApp.Infrastructure\ItoApp.Infrastructure.csproj : warning NU1603: ItoApp.Infrastructure depends on Vonage (>= 6.0.0) but Vonage 6.0.0 was not found. Vonage 6.0.3 was resolved instead. [D:\API_APP_HR\src\ItoApp.Api\ItoApp.Api.csproj]
  All projects are up-to-date for restore.
D:\API_APP_HR\src\ItoApp.Api\ItoApp.Api.csproj : warning NU1603: ItoApp.Infrastructure depends on Vonage (>= 6.0.0) but Vonage 6.0.0 was not found. Vonage 6.0.3 was resolved instead.
D:\API_APP_HR\src\ItoApp.Infrastructure\ItoApp.Infrastructure.csproj : warning NU1603: ItoApp.Infrastructure depends on Vonage (>= 6.0.0) but Vonage 6.0.0 was not found. Vonage 6.0.3 was resolved instead.
  ItoApp.Domain -> D:\API_APP_HR\src\ItoApp.Domain\bin\Debug\net8.0\ItoApp.Domain.dll
D:\API_APP_HR\src\ItoApp.Application\Auth\Register\RegisterService.cs(96,30): error CS0029: Cannot implicitly convert type 'int' to 'System.Guid' [D:\API_APP_HR\src\ItoApp.Application\ItoApp.Application.csproj]
D:\API_APP_HR\src\ItoApp.Application\Auth\Register\RegisterService.cs(97,33): error CS0029: Cannot implicitly convert type 'int' to 'System.Guid' [D:\API_APP_HR\src\ItoApp.Application\ItoApp.Application.csproj]

Build FAILED.

D:\API_APP_HR\src\ItoApp.Api\ItoApp.Api.csproj : warning NU1603: ItoApp.Infrastructure depends on Vonage (>= 6.0.0) but Vonage 6.0.0 was not found. Vonage 6.0.3 was resolved instead.
D:\API_APP_HR\src\ItoApp.Infrastructure\ItoApp.Infrastructure.csproj : warning NU1603: ItoApp.Infrastructure depends on Vonage (>= 6.0.0) but Vonage 6.0.0 was not found. Vonage 6.0.3 was resolved instead. [D:\API_APP_HR\src\ItoApp.Api\ItoApp.Api.csproj]
D:\API_APP_HR\src\ItoApp.Api\ItoApp.Api.csproj : warning NU1603: ItoApp.Infrastructure depends on Vonage (>= 6.0.0) but Vonage 6.0.0 was not found. Vonage 6.0.3 was resolved instead.
D:\API_APP_HR\src\ItoApp.Infrastructure\ItoApp.Infrastructure.csproj : warning NU1603: ItoApp.Infrastructure depends on Vonage (>= 6.0.0) but Vonage 6.0.0 was not found. Vonage 6.0.3 was resolved instead.
D:\API_APP_HR\src\ItoApp.Application\Auth\Register\RegisterService.cs(96,30): error CS0029: Cannot implicitly convert type 'int' to 'System.Guid' [D:\API_APP_HR\src\ItoApp.Application\ItoApp.Application.csproj]
D:\API_APP_HR\src\ItoApp.Application\Auth\Register\RegisterService.cs(97,33): error CS0029: Cannot implicitly convert type 'int' to 'System.Guid' [D:\API_APP_HR\src\ItoApp.Application\ItoApp.Application.csproj]
    4 Warning(s)
    2 Error(s)

Time Elapsed 00:00:01.61

Workload updates are available. Run `dotnet workload list` for more information.
