D:\API_APP_HR\src\ItoApp.Infrastructure\ItoApp.Infrastructure.csproj : warning NU1603: ItoApp.Infrastructure depends on Vonage (>= 6.0.0) but Vonage 6.0.0 was not found. Vonage 6.0.3 was resolved instead. [D:\API_APP_HR\src\ItoApp.Api\ItoApp.Api.csproj]
D:\API_APP_HR\src\ItoApp.Api\ItoApp.Api.csproj : warning NU1603: ItoApp.Infrastructure depends on Vonage (>= 6.0.0) but Vonage 6.0.0 was not found. Vonage 6.0.3 was resolved instead.
D:\API_APP_HR\src\ItoApp.Api\ItoApp.Api.csproj : warning NU1603: ItoApp.Infrastructure depends on Vonage (>= 6.0.0) but Vonage 6.0.0 was not found. Vonage 6.0.3 was resolved instead.
D:\API_APP_HR\src\ItoApp.Infrastructure\ItoApp.Infrastructure.csproj : warning NU1603: ItoApp.Infrastructure depends on Vonage (>= 6.0.0) but Vonage 6.0.0 was not found. Vonage 6.0.3 was resolved instead.
D:\API_APP_HR\src\ItoApp.Application\Auth\Register\RegisterService.cs(96,30): error CS0029: Cannot implicitly convert type 'int' to 'System.Guid' [D:\API_APP_HR\src\ItoApp.Application\ItoApp.Application.csproj]
D:\API_APP_HR\src\ItoApp.Application\Auth\Register\RegisterService.cs(97,33): error CS0029: Cannot implicitly convert type 'int' to 'System.Guid' [D:\API_APP_HR\src\ItoApp.Application\ItoApp.Application.csproj]

Build FAILED.

D:\API_APP_HR\src\ItoApp.Infrastructure\ItoApp.Infrastructure.csproj : warning NU1603: ItoApp.Infrastructure depends on Vonage (>= 6.0.0) but Vonage 6.0.0 was not found. Vonage 6.0.3 was resolved instead. [D:\API_APP_HR\src\ItoApp.Api\ItoApp.Api.csproj]
D:\API_APP_HR\src\ItoApp.Api\ItoApp.Api.csproj : warning NU1603: ItoApp.Infrastructure depends on Vonage (>= 6.0.0) but Vonage 6.0.0 was not found. Vonage 6.0.3 was resolved instead.
D:\API_APP_HR\src\ItoApp.Api\ItoApp.Api.csproj : warning NU1603: ItoApp.Infrastructure depends on Vonage (>= 6.0.0) but Vonage 6.0.0 was not found. Vonage 6.0.3 was resolved instead.
D:\API_APP_HR\src\ItoApp.Infrastructure\ItoApp.Infrastructure.csproj : warning NU1603: ItoApp.Infrastructure depends on Vonage (>= 6.0.0) but Vonage 6.0.0 was not found. Vonage 6.0.3 was resolved instead.
D:\API_APP_HR\src\ItoApp.Application\Auth\Register\RegisterService.cs(96,30): error CS0029: Cannot implicitly convert type 'int' to 'System.Guid' [D:\API_APP_HR\src\ItoApp.Application\ItoApp.Application.csproj]
D:\API_APP_HR\src\ItoApp.Application\Auth\Register\RegisterService.cs(97,33): error CS0029: Cannot implicitly convert type 'int' to 'System.Guid' [D:\API_APP_HR\src\ItoApp.Application\ItoApp.Application.csproj]
    4 Warning(s)
    2 Error(s)

Time Elapsed 00:00:01.60

Workload updates are available. Run `dotnet workload list` for more information.
